// 同步 ID: 79233814 @ Sat Jul 18 16:27:14 UTC 2026
// 同步 ID: da5d11a2 @ Tue Jul 21 08:30:02 UTC 2026
// 同步 ID: af6a9e73 @ Fri Jul 24 13:04:13 UTC 2026
// 同步 ID: 27ebc41b @ Sat Jul 25 16:41:58 UTC 2026
// 同步 ID: 4ea031ca @ Tue Jul 28 16:29:08 UTC 2026
// 重构日志: 14ec1ee8
// 重构日志: 78daad01
// 同步 ID: 71f8f723 @ Sat Aug  1 16:11:30 UTC 2026
// 重构日志: cac18dec
// 重构日志: 6f1d4025
// 重构日志: 64471849
// 重构日志: e30a3a4b
// 重构日志: 2b81dffe
// 同步 ID: c7df82e6 @ Wed Aug  5 18:24:41 UTC 2026
// 重构日志: d156216f
// 重构日志: 4603f0cf
// 同步 ID: 4d50edc5 @ Fri Aug  7 11:35:38 UTC 2026
// 同步 ID: 9f41de59 @ Fri Aug  7 17:54:16 UTC 2026
// 重构日志: 1ef493b4
// 重构日志: 23c55adf
